// Jest Snapshot v1, https://goo.gl/fbAQLP

exports[`BloodTestCard should match the snapshot 1`] = `
<View
  style={
    Object {
      "alignItems": "center",
      "backgroundColor": "white",
      "borderRadius": 5,
      "elevation": 5,
      "flexDirection": "row",
      "height": 90,
      "margin": 10,
      "maxWidth": "100%",
      "padding": 20,
      "shadowColor": "black",
      "shadowOffset": Object {
        "height": 2,
        "width": 0,
      },
      "shadowOpacity": 0.25,
      "shadowRadius": 5,
    }
  }
>
  <View
    style={
      Object {
        "flex": 1,
      }
    }
  >
    <Text
      style={
        Object {
          "fontSize": 20,
        }
      }
    >
      title
    </Text>
    <Text>
      01.01.2019
    </Text>
  </View>
  <View>
    <View
      accessibilityRole="button"
      accessibilityStates={Array []}
      accessible={true}
      clickable={true}
      isTVSelectable={true}
      onClick={[Function]}
      onResponderGrant={[Function]}
      onResponderMove={[Function]}
      onResponderRelease={[Function]}
      onResponderTerminate={[Function]}
      onResponderTerminationRequest={[Function]}
      onStartShouldSetResponder={[Function]}
      style={
        Object {
          "opacity": 1,
        }
      }
    >
      <View
        style={
          Array [
            Object {},
          ]
        }
      >
        <Text
          style={
            Array [
              Object {
                "color": "#007AFF",
                "fontSize": 18,
                "padding": 8,
                "textAlign": "center",
              },
              Object {
                "color": "#f5785a",
              },
            ]
          }
        >
          View
        </Text>
      </View>
    </View>
  </View>
</View>
`;
